// Jest Snapshot v1, https://goo.gl/fbAQLP

exports[`Pokemon pages Debe de hacer match con el snaptchott 1`] = `<h1>Buscando pókemon...</h1>`;

exports[`Pokemon pages debe de hacer match con el snapshor cuando cargan los elemenos 1`] = `
<div>
  <h2 class="title">¿Quién es ese pókemon?</h2>
  <div class="pokemon-container"><img src="https://raw.githubusercontent.com/PokeAPI/sprites/master/sprites/pokemon/other/dream-world/1.svg" class="hidden-pokemon" alt="pokemon"></div>
  <div class="options-container">
    <ul>
      <li><button class="">
          <!--v-if--> bulbasaur
          <!--v-if-->
        </button></li>
      <li><button class="">
          <!--v-if--> ivysaur
          <!--v-if-->
        </button></li>
      <li><button class="">
          <!--v-if--> venusaur
          <!--v-if-->
        </button></li>
      <li><button class="">
          <!--v-if--> charmander
          <!--v-if-->
        </button></li>
    </ul>
  </div>
  <!--v-if-->
</div>
`;

exports[`Pokemon pages debe de mostrar los componentes de PokemonPicture y PokemonOptions 1`] = `
<div>
  <h2 class="title">¿Quién es ese pókemon?</h2>
  <pokemon-picture-stub pokemonid="1" showpokemon="false"></pokemon-picture-stub>
  <pokemon-options-stub pokemons="[object Object],[object Object],[object Object],[object Object]" pokemonid="1"></pokemon-options-stub>
  <!--v-if-->
</div>
`;
